// Jest Snapshot v1, https://goo.gl/fbAQLP

exports[`renders correctly 1`] = `
<nav
  className="navClass"
>
  <h1
    className="pageTitle"
  >
    Math Magicians
  </h1>
  
        <Link to="/" className="try">
        Home
      </Link>
      <Link to="/calculator" className="try">
        Calculator
      </Link>
      <Link to="/quote" className="try borderRemove">
        Quote
      </Link>


</nav>
`;
